
🚀 Starting Vendor Blocked Date Verification...

SUCCESS: Server is reachable
Creating Vendor...
Creating Vendor Profile...
FAIL: Create Profile Failed
  Status: 400
  Message: Profile already exists
  Data: {"status":"fail","message":"Profile already exists"}

🚀 Starting Vendor Blocked Date Verification...

SUCCESS: Server is reachable
Creating Vendor...
Updating Vendor Profile with details and blocked dates...
Creating Customer...
Creating Event...
FAIL: Create Event Failed
  Status: 400
  Message: Event validation failed: budget.total: Please set a total budget
  Data: {"status":"fail","message":"Event validation failed: budget.total: Please set a total budget"}

🚀 Starting Vendor Blocked Date Verification...

FAIL: Server is not reachable. Is backend running?
  Error: connect ECONNREFUSED 127.0.0.1:5000
  Make sure the backend server is running!

🚀 Starting Vendor Blocked Date Verification...

SUCCESS: Server is reachable
Creating Vendor...
Updating Vendor Profile with details and blocked dates...
Creating Customer...
Creating Event...
Attempting to book the blocked date (Expect Failure)...
SUCCESS: Booking correctly rejected with "not available" message
Attempting to book a free date (Expect Success)...
SUCCESS: Booking succeeded for free date
